// Jest Snapshot v1, https://goo.gl/fbAQLP

exports[`Input Component Should render properly Input Component 1`] = `
<div>
  <div
    class=""
  >
    <input
      class="appearance-none border-b-2 border-b border-grey bg-transparent 
 text-grey-darker m-2 py-2 leading-tight 
 focus:outline-none focus:border-blue w-full"
      name="firstname"
      placeholder="Name"
      required=""
      type="text"
      value="Mickael"
    />
  </div>
</div>
`;
